// Jest Snapshot v1, https://goo.gl/fbAQLP

exports[`<Text /> should render the heading 1`] = `
<main
  class=""
>
  <h1>
    Text
  </h1>
</main>
`;
